// Jest Snapshot v1, https://goo.gl/fbAQLP

exports[`Home snapshot renders 1`] = `
<div
  className="container"
  style={
    Object {
      "paddingTop": 50,
    }
  }
>
  <div
    className="row"
  >
    <div
      className="col-sm-12"
    >
      <h1>
        Tweet 
        <small>
           Extractor
        </small>
      </h1>
    </div>
  </div>
  <hr />
  <ul
    className="nav nav-tabs"
  >
    <li
      className="nav-item"
    >
      <a
        className="active nav-link"
        onClick={[Function]}
      >
        Search
      </a>
    </li>
  </ul>
  <div
    className="tab-content"
  >
    <div
      className="tab-pane active"
    >
      <div
        className="mt-3 row"
      >
        <div
          className="col-sm-12"
        >
          <form
            onSubmit={[Function]}
          >
            <div
              className="row"
            >
              <div
                className="col-sm-10"
              >
                <div
                  className="form-group"
                >
                  <input
                    className="form-control form-control-lg"
                    onChange={[Function]}
                    placeholder="Enter search terms comma separated"
                    required={true}
                    type="text"
                    value=""
                  />
                </div>
              </div>
              <div
                className="text-right col-sm-2"
              >
                <div
                  className="form-group"
                >
                  <button
                    className="btn btn-lg btn-primary"
                    type="submit"
                  >
                    <svg
                      aria-hidden="true"
                      className="svg-inline--fa fa-search fa-w-16 "
                      color="#fff"
                      data-icon="search"
                      data-prefix="fas"
                      focusable="false"
                      role="img"
                      style={Object {}}
                      viewBox="0 0 512 512"
                      xmlns="http://www.w3.org/2000/svg"
                    >
                      <path
                        d="M505 442.7L405.3 343c-4.5-4.5-10.6-7-17-7H372c27.6-35.3 44-79.7 44-128C416 93.1 322.9 0 208 0S0 93.1 0 208s93.1 208 208 208c48.3 0 92.7-16.4 128-44v16.3c0 6.4 2.5 12.5 7 17l99.7 99.7c9.4 9.4 24.6 9.4 33.9 0l28.3-28.3c9.4-9.4 9.4-24.6.1-34zM208 336c-70.7 0-128-57.2-128-128 0-70.7 57.2-128 128-128 70.7 0 128 57.2 128 128 0 70.7-57.2 128-128 128z"
                        fill="currentColor"
                        style={Object {}}
                      />
                    </svg>
                     Search
                  </button>
                </div>
              </div>
            </div>
          </form>
        </div>
      </div>
    </div>
  </div>
</div>
`;
