// Jest Snapshot v1, https://goo.gl/fbAQLP

exports[`useInput snapshot renders 1`] = `
<useInput
  initialValue=""
/>
`;
