// Jest Snapshot v1, https://goo.gl/fbAQLP

exports[`LanguageStats snapshot renders 1`] = `
Array [
  <div
    className="card-title"
  >
    <h4>
      Tweets by language
    </h4>
  </div>,
  <table
    className="table table-bordered table-striped"
  >
    <thead>
      <tr>
        <th>
          Language
        </th>
        <th>
          Quantity
        </th>
      </tr>
    </thead>
    <tbody />
  </table>,
]
`;
