// Jest Snapshot v1, https://goo.gl/fbAQLP

exports[`LanguageStats snapshot renders 1`] = `null`;
