// Jest Snapshot v1, https://goo.gl/fbAQLP

exports[`Spin snapshot renders 1`] = `
<div
  className="loading"
>
  Loadingâ€¦
</div>
`;
